revision=ffc3775d + uncommitted working-tree edits (launch-failed arm guarded, ninth test case added)
tree=/home/ITER/mcintos/Code/.reckon-worktrees/reckon-c8f839407e49/s22-coord/recovery-reads-the-exit-record (the node worktree)
command=env -C /home/ITER/mcintos/Code/.reckon-worktrees/reckon-c8f839407e49/s22-coord/recovery-reads-the-exit-record PYTHONPATH=/home/ITER/mcintos/Code/.reckon-worktrees/reckon-c8f839407e49/s22-coord/recovery-reads-the-exit-record /home/ITER/mcintos/Code/reckon/.venv/bin/python -m pytest -p no:cacheprovider -q --tb=no -rf $(cat docs/figures/worker-death-is-recorded/delta-population.txt)
population=the 61-file list in delta-population.txt, derived from the base revision's own tests/
measurement_cwd= /home/ITER/mcintos/Code/.reckon-worktrees/reckon-c8f839407e49/s22-coord/recovery-reads-the-exit-record
measurement_module= /home/ITER/mcintos/Code/.reckon-worktrees/reckon-c8f839407e49/s22-coord/recovery-reads-the-exit-record/reckon/__init__.py
........................................................................ [  7%]
........................................................................ [ 15%]
........................................................................ [ 23%]
........................................................................ [ 31%]
........................................................................ [ 39%]
........................................................................ [ 46%]
........................................................................ [ 54%]
........................................................................ [ 62%]
........................................................................ [ 70%]
........................................................................ [ 78%]
........................................................................ [ 85%]
........................................................................ [ 93%]
..........................................................               [100%]
922 passed in 447.16s (0:07:27)
EXIT=0
