revision=2bf6587bebc9b23363b3ef7e4a1be3c025c584d3 (base)
tree=/tmp/wdr-base (git archive export of the base revision)
command=env -C /tmp/wdr-base PYTHONPATH=/tmp/wdr-base /home/ITER/mcintos/Code/reckon/.venv/bin/python -m pytest -p no:cacheprovider -q --tb=no -rf $(cat /tmp/wdr-files.txt)
measurement_cwd= /tmp/wdr-base
measurement_module= /tmp/wdr-base/reckon/__init__.py
........................................................................ [  7%]
........................................................................ [ 15%]
........................................................................ [ 23%]
.......................................F................................ [ 31%]
........................................................................ [ 39%]
........................................................................ [ 46%]
........................................................................ [ 54%]
........................................................................ [ 62%]
.............................................................F.......... [ 70%]
........................................................................ [ 78%]
........................................................................ [ 85%]
........................................................................ [ 93%]
..........................................................               [100%]
=========================== short test summary info ============================
FAILED tests/test_crew.py::test_complete_clears_a_pointer_when_the_run_is_already_ledgered
FAILED tests/test_follow_observes_other_sessions.py::test_a_follower_without_observed_sessions_behaves_exactly_as_today
2 failed, 920 passed in 398.91s (0:06:38)
EXIT=1
