revision=2bf6587bebc9b23363b3ef7e4a1be3c025c584d3 + uncommitted working-tree edits (head of node recovery-reads-the-exit-record)
tree=/home/ITER/mcintos/Code/.reckon-worktrees/reckon-c8f839407e49/s22-coord/recovery-reads-the-exit-record (the node worktree)
command=env -C /home/ITER/mcintos/Code/.reckon-worktrees/reckon-c8f839407e49/s22-coord/recovery-reads-the-exit-record PYTHONPATH=/home/ITER/mcintos/Code/.reckon-worktrees/reckon-c8f839407e49/s22-coord/recovery-reads-the-exit-record /home/ITER/mcintos/Code/reckon/.venv/bin/python -m pytest -p no:cacheprovider -q --tb=no -rf $(cat /tmp/wdr-files.txt)
population=grep -rl 'crew\.recovery|crew import recovery|crew import .*recovery' over the BASE revision's tests/, 61 files, held fixed across both runs
measurement_cwd= /home/ITER/mcintos/Code/.reckon-worktrees/reckon-c8f839407e49/s22-coord/recovery-reads-the-exit-record
measurement_module= /home/ITER/mcintos/Code/.reckon-worktrees/reckon-c8f839407e49/s22-coord/recovery-reads-the-exit-record/reckon/__init__.py
........................................................................ [  7%]
........................................................................ [ 15%]
........................................................................ [ 23%]
........................................................................ [ 31%]
........................................................................ [ 39%]
........................................................................ [ 46%]
........................................................................ [ 54%]
........................................................................ [ 62%]
........................................................................ [ 70%]
........................................................................ [ 78%]
........................................................................ [ 85%]
........................................................................ [ 93%]
..........................................................               [100%]
922 passed in 287.29s (0:04:47)
EXIT=0
