revision=489dec13bc353270a38f099d60cae97693978471 tree=/home/ITER/mcintos/Code/.reckon-worktrees/reckon-c8f839407e49/crew-review-0926/nova-flapping-history command=['/home/ITER/mcintos/Code/reckon/.venv/bin/python', '-u', '/home/ITER/mcintos/Code/.reckon-worktrees/reckon-c8f839407e49/crew-review-0926/nova-flapping-history/docs/research/data/crew-pattern-review/nova-flapping/census.py']
script_sha256=58f502842544ac9a9bd88445f29216bff2b55b84e624367fd44f9e32a412f3ac
measurement_module=/home/ITER/mcintos/Code/.reckon-worktrees/reckon-c8f839407e49/crew-review-0926/nova-flapping-history/docs/research/data/crew-pattern-review/nova-flapping/census.py
measurement_cwd=/home/ITER/mcintos/Code/.reckon-worktrees/reckon-c8f839407e49/crew-review-0926/nova-flapping-history
Pinned history: 3879 first-parent commits, 633 source/test-changing commits
Processed 374/3879 landings
Processed 857/3879 landings
Processed 1379/3879 landings
Processed 2008/3879 landings
Processed 2692/3879 landings
Processed 3526/3879 landings
Measured 2 exact semantic returns in 1 grouped episodes; replay matches 1004 final text blobs
Full JSON sha256=3ef015d8e200a07ad11044509a41368a4337f611b39dcf26c10ac5dbbe47a3a0 bytes=4165888
Compact JSON sha256=dafc20311f457f9bea25652626497f1c092ab702978d582598cc5f5e5d07891c bytes=60627
attempt=1 full_byte_identical=True compact_byte_identical=True
Pinned history: 3879 first-parent commits, 633 source/test-changing commits
Processed 374/3879 landings
Processed 857/3879 landings
Processed 1379/3879 landings
Processed 2008/3879 landings
Processed 2692/3879 landings
Processed 3526/3879 landings
Measured 2 exact semantic returns in 1 grouped episodes; replay matches 1004 final text blobs
Full JSON sha256=3ef015d8e200a07ad11044509a41368a4337f611b39dcf26c10ac5dbbe47a3a0 bytes=4165888
Compact JSON sha256=dafc20311f457f9bea25652626497f1c092ab702978d582598cc5f5e5d07891c bytes=60627
attempt=2 full_byte_identical=True compact_byte_identical=True
full_sha256=3ef015d8e200a07ad11044509a41368a4337f611b39dcf26c10ac5dbbe47a3a0
compact_sha256=dafc20311f457f9bea25652626497f1c092ab702978d582598cc5f5e5d07891c
